// Vitest Snapshot v1, https://vitest.dev/guide/snapshot.html

exports[`===Test IncomeExpenses component=== > Matches snapshot 1`] = `
"<div class="inc-exp-container" income="500" expenses="200">
  <div>
    <h4>Income</h4>
    <p id="money-plus" class="money plus">$0.00</p>
  </div>
  <div>
    <h4>Expense</h4>
    <p id="money-minus" class="money minus">$</p>
  </div>
</div>"
`;
