// Vitest Snapshot v1, https://vitest.dev/guide/snapshot.html

exports[`===Test TransactionList component=== > matches snapshot 1`] = `
"<h3>History</h3>
<ul id="list" class="list"></ul>"
`;

exports[`TransactionList.vue > matches snapshot 1`] = `
"<h3>History</h3>
<ul id="list" class="list">
  <li class="plus">Salary <span>+$1000.00</span><button class="delete-btn">x</button></li>
  <li class="minus">Rent <span>-$500.50</span><button class="delete-btn">x</button></li>
  <li class="minus">Coffee <span>-$3.75</span><button class="delete-btn">x</button></li>
</ul>"
`;
